
--- Job test.gms Start 07/09/24 14:49:44 46.2.0 ac4adda6 WEX-WEI x86 64bit/MS Windows
--- Applying:
    C:\GAMS\46\gmsprmNT.txt
--- GAMS Parameters defined
    Input C:\Users\sebas\Documents\CloudDrive\Uni\SS24\CaseStudies\gamsFiles\test.gms
    PageSize 0
    ScrDir C:\Users\sebas\Documents\CloudDrive\Uni\SS24\CaseStudies\gamsFiles\225b\
    SysDir C:\GAMS\46\
    LogOption 3
    ErrMsg 1
    ErrorLog 99
    IDE 1
    LstTitleLeftAligned 1
Licensee: Course License                                 S240430|0002AO-GEN
          TU Dresden, Business Management and Economics             DCE3456
          C:\Users\sebas\Documents\GAMS\gamslice.txt
          License Admin: Hannes Hobbie, hannes.hobbie@tu-dresden.de        
          Course license for use within the course and related course work
          The evaluation period of the license will expire on Oct 27, 2024
Processor information: 1 socket(s), 8 core(s), and 16 thread(s) available
GAMS 46.2.0   Copyright (C) 1987-2024 GAMS Development. All rights reserved
--- Starting compilation
--- test.gms(40) 3 Mb 2 Errors
*** Error 246 in C:\Users\sebas\Documents\CloudDrive\Uni\SS24\CaseStudies\gamsFiles\test.gms
    Objective variable is not a free variable
*** Error 257 in C:\Users\sebas\Documents\CloudDrive\Uni\SS24\CaseStudies\gamsFiles\test.gms
    Solve statement not checked because of previous errors
--- test.gms(41) 3 Mb 2 Errors
*** Status: Compilation error(s)
--- Job test.gms Stop 07/09/24 14:49:44 elapsed 0:00:00.006
